2025-02-11 22:32:49.356 INFO  [] [] [gateway] [main] [com.example.gateway.GatewayApplication:53] - Starting GatewayApplication using Java 17.0.4.1 with PID 59276 (/Users/diptopoldam/idea_projects/apm-java-service/gateway/build/classes/java/main started by diptopoldam in /Users/diptopoldam/idea_projects/apm-java-service)
2025-02-11 22:32:49.363 DEBUG [] [] [gateway] [main] [com.example.gateway.GatewayApplication:54] - Running with Spring Boot v3.4.2, Spring v6.2.2
2025-02-11 22:32:49.364 INFO  [] [] [gateway] [main] [com.example.gateway.GatewayApplication:652] - No active profile set, falling back to 1 default profile: "default"
2025-02-11 22:32:51.667 DEBUG [] [] [gateway] [main] [org.springframework.cloud.gateway.config.GatewayProperties:91] - Routes supplied from Gateway Properties: [RouteDefinition{id='service-a', predicates=[PredicateDefinition{name='Path', args={_genkey_0=/service-a/**}}], filters=[], uri=lb://service-a/, order=0, metadata={}, enabled=true}, RouteDefinition{id='service-b', predicates=[PredicateDefinition{name='Path', args={_genkey_0=/service-b/**}}], filters=[], uri=lb://service-b/, order=0, metadata={}, enabled=true}]
2025-02-11 22:32:51.776 INFO  [] [] [gateway] [main] [org.springframework.cloud.gateway.route.RouteDefinitionRouteLocator:89] - Loaded RoutePredicateFactory [After]
2025-02-11 22:32:51.776 INFO  [] [] [gateway] [main] [org.springframework.cloud.gateway.route.RouteDefinitionRouteLocator:89] - Loaded RoutePredicateFactory [Before]
2025-02-11 22:32:51.777 INFO  [] [] [gateway] [main] [org.springframework.cloud.gateway.route.RouteDefinitionRouteLocator:89] - Loaded RoutePredicateFactory [Between]
2025-02-11 22:32:51.777 INFO  [] [] [gateway] [main] [org.springframework.cloud.gateway.route.RouteDefinitionRouteLocator:89] - Loaded RoutePredicateFactory [Cookie]
2025-02-11 22:32:51.777 INFO  [] [] [gateway] [main] [org.springframework.cloud.gateway.route.RouteDefinitionRouteLocator:89] - Loaded RoutePredicateFactory [Header]
2025-02-11 22:32:51.777 INFO  [] [] [gateway] [main] [org.springframework.cloud.gateway.route.RouteDefinitionRouteLocator:89] - Loaded RoutePredicateFactory [Host]
2025-02-11 22:32:51.777 INFO  [] [] [gateway] [main] [org.springframework.cloud.gateway.route.RouteDefinitionRouteLocator:89] - Loaded RoutePredicateFactory [Method]
2025-02-11 22:32:51.778 INFO  [] [] [gateway] [main] [org.springframework.cloud.gateway.route.RouteDefinitionRouteLocator:89] - Loaded RoutePredicateFactory [Path]
2025-02-11 22:32:51.778 INFO  [] [] [gateway] [main] [org.springframework.cloud.gateway.route.RouteDefinitionRouteLocator:89] - Loaded RoutePredicateFactory [Query]
2025-02-11 22:32:51.778 INFO  [] [] [gateway] [main] [org.springframework.cloud.gateway.route.RouteDefinitionRouteLocator:89] - Loaded RoutePredicateFactory [ReadBody]
2025-02-11 22:32:51.778 INFO  [] [] [gateway] [main] [org.springframework.cloud.gateway.route.RouteDefinitionRouteLocator:89] - Loaded RoutePredicateFactory [RemoteAddr]
2025-02-11 22:32:51.778 INFO  [] [] [gateway] [main] [org.springframework.cloud.gateway.route.RouteDefinitionRouteLocator:89] - Loaded RoutePredicateFactory [XForwardedRemoteAddr]
2025-02-11 22:32:51.778 INFO  [] [] [gateway] [main] [org.springframework.cloud.gateway.route.RouteDefinitionRouteLocator:89] - Loaded RoutePredicateFactory [Weight]
2025-02-11 22:32:51.779 INFO  [] [] [gateway] [main] [org.springframework.cloud.gateway.route.RouteDefinitionRouteLocator:89] - Loaded RoutePredicateFactory [CloudFoundryRouteService]
2025-02-11 22:32:52.977 WARN  [] [] [gateway] [main] [org.springframework.cloud.loadbalancer.config.LoadBalancerCacheAutoConfiguration$LoadBalancerCaffeineWarnLogger:94] - Spring Cloud LoadBalancer is currently working with the default cache. While this cache implementation is useful for development and tests, it's recommended to use Caffeine cache in production.You can switch to using Caffeine cache, by adding it and org.springframework.cache.caffeine.CaffeineCacheManager to the classpath.
2025-02-11 22:32:53.368 DEBUG [] [] [gateway] [boundedElastic-4] [org.springframework.cloud.gateway.route.RouteDefinitionRouteLocator:222] - RouteDefinition ReactiveCompositeDiscoveryClient_consul applying {pattern=/consul/**} to Path
2025-02-11 22:32:53.368 DEBUG [] [] [gateway] [boundedElastic-13] [org.springframework.cloud.gateway.filter.GatewayMetricsFilter:66] - New routes count: 4
2025-02-11 22:32:53.368 DEBUG [] [] [gateway] [boundedElastic-11] [org.springframework.cloud.gateway.route.RouteDefinitionRouteLocator:222] - RouteDefinition ReactiveCompositeDiscoveryClient_consul applying {pattern=/consul/**} to Path
2025-02-11 22:32:53.368 DEBUG [] [] [gateway] [boundedElastic-5] [org.springframework.cloud.gateway.route.RouteDefinitionRouteLocator:222] - RouteDefinition ReactiveCompositeDiscoveryClient_consul applying {pattern=/consul/**} to Path
2025-02-11 22:32:53.368 DEBUG [] [] [gateway] [boundedElastic-10] [org.springframework.cloud.gateway.route.RouteDefinitionRouteLocator:222] - RouteDefinition ReactiveCompositeDiscoveryClient_consul applying {pattern=/consul/**} to Path
2025-02-11 22:32:53.368 DEBUG [] [] [gateway] [boundedElastic-6] [org.springframework.cloud.gateway.route.RouteDefinitionRouteLocator:222] - RouteDefinition ReactiveCompositeDiscoveryClient_consul applying {pattern=/consul/**} to Path
2025-02-11 22:32:53.392 DEBUG [] [] [gateway] [boundedElastic-10] [org.springframework.cloud.gateway.route.RouteDefinitionRouteLocator:148] - RouteDefinition ReactiveCompositeDiscoveryClient_consul applying filter {regexp=/consul/?(?<remaining>.*), replacement=/${remaining}} to RewritePath
2025-02-11 22:32:53.392 DEBUG [] [] [gateway] [boundedElastic-6] [org.springframework.cloud.gateway.route.RouteDefinitionRouteLocator:148] - RouteDefinition ReactiveCompositeDiscoveryClient_consul applying filter {regexp=/consul/?(?<remaining>.*), replacement=/${remaining}} to RewritePath
2025-02-11 22:32:53.392 DEBUG [] [] [gateway] [boundedElastic-5] [org.springframework.cloud.gateway.route.RouteDefinitionRouteLocator:148] - RouteDefinition ReactiveCompositeDiscoveryClient_consul applying filter {regexp=/consul/?(?<remaining>.*), replacement=/${remaining}} to RewritePath
2025-02-11 22:32:53.392 DEBUG [] [] [gateway] [boundedElastic-4] [org.springframework.cloud.gateway.route.RouteDefinitionRouteLocator:148] - RouteDefinition ReactiveCompositeDiscoveryClient_consul applying filter {regexp=/consul/?(?<remaining>.*), replacement=/${remaining}} to RewritePath
2025-02-11 22:32:53.392 DEBUG [] [] [gateway] [boundedElastic-11] [org.springframework.cloud.gateway.route.RouteDefinitionRouteLocator:148] - RouteDefinition ReactiveCompositeDiscoveryClient_consul applying filter {regexp=/consul/?(?<remaining>.*), replacement=/${remaining}} to RewritePath
2025-02-11 22:32:53.403 DEBUG [] [] [gateway] [boundedElastic-5] [org.springframework.cloud.gateway.route.RouteDefinitionRouteLocator:124] - RouteDefinition matched: ReactiveCompositeDiscoveryClient_consul
2025-02-11 22:32:53.403 DEBUG [] [] [gateway] [boundedElastic-10] [org.springframework.cloud.gateway.route.RouteDefinitionRouteLocator:124] - RouteDefinition matched: ReactiveCompositeDiscoveryClient_consul
2025-02-11 22:32:53.403 DEBUG [] [] [gateway] [boundedElastic-4] [org.springframework.cloud.gateway.route.RouteDefinitionRouteLocator:124] - RouteDefinition matched: ReactiveCompositeDiscoveryClient_consul
2025-02-11 22:32:53.403 DEBUG [] [] [gateway] [boundedElastic-6] [org.springframework.cloud.gateway.route.RouteDefinitionRouteLocator:124] - RouteDefinition matched: ReactiveCompositeDiscoveryClient_consul
2025-02-11 22:32:53.403 DEBUG [] [] [gateway] [boundedElastic-11] [org.springframework.cloud.gateway.route.RouteDefinitionRouteLocator:124] - RouteDefinition matched: ReactiveCompositeDiscoveryClient_consul
2025-02-11 22:32:53.403 DEBUG [] [] [gateway] [boundedElastic-5] [org.springframework.cloud.gateway.route.RouteDefinitionRouteLocator:222] - RouteDefinition ReactiveCompositeDiscoveryClient_gateway applying {pattern=/gateway/**} to Path
2025-02-11 22:32:53.403 DEBUG [] [] [gateway] [boundedElastic-4] [org.springframework.cloud.gateway.route.RouteDefinitionRouteLocator:222] - RouteDefinition ReactiveCompositeDiscoveryClient_gateway applying {pattern=/gateway/**} to Path
2025-02-11 22:32:53.403 DEBUG [] [] [gateway] [boundedElastic-6] [org.springframework.cloud.gateway.route.RouteDefinitionRouteLocator:222] - RouteDefinition ReactiveCompositeDiscoveryClient_gateway applying {pattern=/gateway/**} to Path
2025-02-11 22:32:53.403 DEBUG [] [] [gateway] [boundedElastic-11] [org.springframework.cloud.gateway.route.RouteDefinitionRouteLocator:222] - RouteDefinition ReactiveCompositeDiscoveryClient_gateway applying {pattern=/gateway/**} to Path
2025-02-11 22:32:53.404 DEBUG [] [] [gateway] [boundedElastic-10] [org.springframework.cloud.gateway.route.RouteDefinitionRouteLocator:222] - RouteDefinition ReactiveCompositeDiscoveryClient_gateway applying {pattern=/gateway/**} to Path
2025-02-11 22:32:53.404 DEBUG [] [] [gateway] [boundedElastic-5] [org.springframework.cloud.gateway.route.RouteDefinitionRouteLocator:148] - RouteDefinition ReactiveCompositeDiscoveryClient_gateway applying filter {regexp=/gateway/?(?<remaining>.*), replacement=/${remaining}} to RewritePath
2025-02-11 22:32:53.404 DEBUG [] [] [gateway] [boundedElastic-4] [org.springframework.cloud.gateway.route.RouteDefinitionRouteLocator:148] - RouteDefinition ReactiveCompositeDiscoveryClient_gateway applying filter {regexp=/gateway/?(?<remaining>.*), replacement=/${remaining}} to RewritePath
2025-02-11 22:32:53.404 DEBUG [] [] [gateway] [boundedElastic-11] [org.springframework.cloud.gateway.route.RouteDefinitionRouteLocator:148] - RouteDefinition ReactiveCompositeDiscoveryClient_gateway applying filter {regexp=/gateway/?(?<remaining>.*), replacement=/${remaining}} to RewritePath
2025-02-11 22:32:53.404 DEBUG [] [] [gateway] [boundedElastic-6] [org.springframework.cloud.gateway.route.RouteDefinitionRouteLocator:148] - RouteDefinition ReactiveCompositeDiscoveryClient_gateway applying filter {regexp=/gateway/?(?<remaining>.*), replacement=/${remaining}} to RewritePath
2025-02-11 22:32:53.404 DEBUG [] [] [gateway] [boundedElastic-10] [org.springframework.cloud.gateway.route.RouteDefinitionRouteLocator:148] - RouteDefinition ReactiveCompositeDiscoveryClient_gateway applying filter {regexp=/gateway/?(?<remaining>.*), replacement=/${remaining}} to RewritePath
2025-02-11 22:32:53.405 DEBUG [] [] [gateway] [boundedElastic-5] [org.springframework.cloud.gateway.route.RouteDefinitionRouteLocator:124] - RouteDefinition matched: ReactiveCompositeDiscoveryClient_gateway
2025-02-11 22:32:53.405 DEBUG [] [] [gateway] [boundedElastic-5] [org.springframework.cloud.gateway.route.RouteDefinitionRouteLocator:222] - RouteDefinition service-a applying {_genkey_0=/service-a/**} to Path
2025-02-11 22:32:53.405 DEBUG [] [] [gateway] [boundedElastic-4] [org.springframework.cloud.gateway.route.RouteDefinitionRouteLocator:124] - RouteDefinition matched: ReactiveCompositeDiscoveryClient_gateway
2025-02-11 22:32:53.405 DEBUG [] [] [gateway] [boundedElastic-11] [org.springframework.cloud.gateway.route.RouteDefinitionRouteLocator:124] - RouteDefinition matched: ReactiveCompositeDiscoveryClient_gateway
2025-02-11 22:32:53.405 DEBUG [] [] [gateway] [boundedElastic-6] [org.springframework.cloud.gateway.route.RouteDefinitionRouteLocator:124] - RouteDefinition matched: ReactiveCompositeDiscoveryClient_gateway
2025-02-11 22:32:53.405 DEBUG [] [] [gateway] [boundedElastic-10] [org.springframework.cloud.gateway.route.RouteDefinitionRouteLocator:124] - RouteDefinition matched: ReactiveCompositeDiscoveryClient_gateway
2025-02-11 22:32:53.405 DEBUG [] [] [gateway] [boundedElastic-4] [org.springframework.cloud.gateway.route.RouteDefinitionRouteLocator:222] - RouteDefinition service-a applying {_genkey_0=/service-a/**} to Path
2025-02-11 22:32:53.405 DEBUG [] [] [gateway] [boundedElastic-6] [org.springframework.cloud.gateway.route.RouteDefinitionRouteLocator:222] - RouteDefinition service-a applying {_genkey_0=/service-a/**} to Path
2025-02-11 22:32:53.405 DEBUG [] [] [gateway] [boundedElastic-11] [org.springframework.cloud.gateway.route.RouteDefinitionRouteLocator:222] - RouteDefinition service-a applying {_genkey_0=/service-a/**} to Path
2025-02-11 22:32:53.405 DEBUG [] [] [gateway] [boundedElastic-10] [org.springframework.cloud.gateway.route.RouteDefinitionRouteLocator:222] - RouteDefinition service-a applying {_genkey_0=/service-a/**} to Path
2025-02-11 22:32:53.406 DEBUG [] [] [gateway] [boundedElastic-5] [org.springframework.cloud.gateway.route.RouteDefinitionRouteLocator:124] - RouteDefinition matched: service-a
2025-02-11 22:32:53.406 DEBUG [] [] [gateway] [boundedElastic-5] [org.springframework.cloud.gateway.route.RouteDefinitionRouteLocator:222] - RouteDefinition service-b applying {_genkey_0=/service-b/**} to Path
2025-02-11 22:32:53.406 DEBUG [] [] [gateway] [boundedElastic-10] [org.springframework.cloud.gateway.route.RouteDefinitionRouteLocator:124] - RouteDefinition matched: service-a
2025-02-11 22:32:53.406 DEBUG [] [] [gateway] [boundedElastic-4] [org.springframework.cloud.gateway.route.RouteDefinitionRouteLocator:124] - RouteDefinition matched: service-a
2025-02-11 22:32:53.406 DEBUG [] [] [gateway] [boundedElastic-11] [org.springframework.cloud.gateway.route.RouteDefinitionRouteLocator:124] - RouteDefinition matched: service-a
2025-02-11 22:32:53.406 DEBUG [] [] [gateway] [boundedElastic-6] [org.springframework.cloud.gateway.route.RouteDefinitionRouteLocator:124] - RouteDefinition matched: service-a
2025-02-11 22:32:53.406 DEBUG [] [] [gateway] [boundedElastic-10] [org.springframework.cloud.gateway.route.RouteDefinitionRouteLocator:222] - RouteDefinition service-b applying {_genkey_0=/service-b/**} to Path
2025-02-11 22:32:53.407 DEBUG [] [] [gateway] [boundedElastic-4] [org.springframework.cloud.gateway.route.RouteDefinitionRouteLocator:222] - RouteDefinition service-b applying {_genkey_0=/service-b/**} to Path
2025-02-11 22:32:53.407 DEBUG [] [] [gateway] [boundedElastic-6] [org.springframework.cloud.gateway.route.RouteDefinitionRouteLocator:222] - RouteDefinition service-b applying {_genkey_0=/service-b/**} to Path
2025-02-11 22:32:53.407 DEBUG [] [] [gateway] [boundedElastic-11] [org.springframework.cloud.gateway.route.RouteDefinitionRouteLocator:222] - RouteDefinition service-b applying {_genkey_0=/service-b/**} to Path
2025-02-11 22:32:53.407 DEBUG [] [] [gateway] [boundedElastic-5] [org.springframework.cloud.gateway.route.RouteDefinitionRouteLocator:124] - RouteDefinition matched: service-b
2025-02-11 22:32:53.407 DEBUG [] [] [gateway] [boundedElastic-6] [org.springframework.cloud.gateway.route.RouteDefinitionRouteLocator:124] - RouteDefinition matched: service-b
2025-02-11 22:32:53.407 DEBUG [] [] [gateway] [boundedElastic-4] [org.springframework.cloud.gateway.route.RouteDefinitionRouteLocator:124] - RouteDefinition matched: service-b
2025-02-11 22:32:53.407 DEBUG [] [] [gateway] [boundedElastic-11] [org.springframework.cloud.gateway.route.RouteDefinitionRouteLocator:124] - RouteDefinition matched: service-b
2025-02-11 22:32:53.408 DEBUG [] [] [gateway] [boundedElastic-10] [org.springframework.cloud.gateway.route.RouteDefinitionRouteLocator:124] - RouteDefinition matched: service-b
2025-02-11 22:32:53.414 DEBUG [] [] [gateway] [boundedElastic-10] [org.springframework.cloud.gateway.filter.GatewayMetricsFilter:66] - New routes count: 4
2025-02-11 22:32:53.437 INFO  [] [] [gateway] [main] [com.example.gateway.GatewayApplication:59] - Started GatewayApplication in 4.959 seconds (process running for 7.699)
2025-02-11 22:32:53.437 DEBUG [] [] [gateway] [boundedElastic-6] [org.springframework.cloud.gateway.route.RouteDefinitionRouteLocator:222] - RouteDefinition ReactiveCompositeDiscoveryClient_consul applying {pattern=/consul/**} to Path
2025-02-11 22:32:53.438 DEBUG [] [] [gateway] [boundedElastic-10] [org.springframework.cloud.gateway.filter.GatewayMetricsFilter:66] - New routes count: 4
2025-02-11 22:32:53.438 DEBUG [] [] [gateway] [boundedElastic-6] [org.springframework.cloud.gateway.route.RouteDefinitionRouteLocator:148] - RouteDefinition ReactiveCompositeDiscoveryClient_consul applying filter {regexp=/consul/?(?<remaining>.*), replacement=/${remaining}} to RewritePath
2025-02-11 22:32:53.439 DEBUG [] [] [gateway] [boundedElastic-6] [org.springframework.cloud.gateway.route.RouteDefinitionRouteLocator:124] - RouteDefinition matched: ReactiveCompositeDiscoveryClient_consul
2025-02-11 22:32:53.440 DEBUG [] [] [gateway] [boundedElastic-6] [org.springframework.cloud.gateway.route.RouteDefinitionRouteLocator:222] - RouteDefinition ReactiveCompositeDiscoveryClient_gateway applying {pattern=/gateway/**} to Path
2025-02-11 22:32:53.442 DEBUG [] [] [gateway] [boundedElastic-6] [org.springframework.cloud.gateway.route.RouteDefinitionRouteLocator:148] - RouteDefinition ReactiveCompositeDiscoveryClient_gateway applying filter {regexp=/gateway/?(?<remaining>.*), replacement=/${remaining}} to RewritePath
2025-02-11 22:32:53.443 DEBUG [] [] [gateway] [boundedElastic-6] [org.springframework.cloud.gateway.route.RouteDefinitionRouteLocator:124] - RouteDefinition matched: ReactiveCompositeDiscoveryClient_gateway
2025-02-11 22:32:53.444 DEBUG [] [] [gateway] [boundedElastic-6] [org.springframework.cloud.gateway.route.RouteDefinitionRouteLocator:222] - RouteDefinition service-a applying {_genkey_0=/service-a/**} to Path
2025-02-11 22:32:53.445 DEBUG [] [] [gateway] [boundedElastic-6] [org.springframework.cloud.gateway.route.RouteDefinitionRouteLocator:124] - RouteDefinition matched: service-a
2025-02-11 22:32:53.445 DEBUG [] [] [gateway] [boundedElastic-6] [org.springframework.cloud.gateway.route.RouteDefinitionRouteLocator:222] - RouteDefinition service-b applying {_genkey_0=/service-b/**} to Path
2025-02-11 22:32:53.446 DEBUG [] [] [gateway] [boundedElastic-6] [org.springframework.cloud.gateway.route.RouteDefinitionRouteLocator:124] - RouteDefinition matched: service-b
2025-02-11 22:32:54.337 DEBUG [] [] [gateway] [boundedElastic-5] [org.springframework.cloud.gateway.route.RouteDefinitionRouteLocator:222] - RouteDefinition ReactiveCompositeDiscoveryClient_consul applying {pattern=/consul/**} to Path
2025-02-11 22:32:54.337 DEBUG [] [] [gateway] [boundedElastic-11] [org.springframework.cloud.gateway.filter.GatewayMetricsFilter:66] - New routes count: 4
2025-02-11 22:32:54.338 DEBUG [] [] [gateway] [boundedElastic-5] [org.springframework.cloud.gateway.route.RouteDefinitionRouteLocator:148] - RouteDefinition ReactiveCompositeDiscoveryClient_consul applying filter {regexp=/consul/?(?<remaining>.*), replacement=/${remaining}} to RewritePath
2025-02-11 22:32:54.339 DEBUG [] [] [gateway] [boundedElastic-5] [org.springframework.cloud.gateway.route.RouteDefinitionRouteLocator:124] - RouteDefinition matched: ReactiveCompositeDiscoveryClient_consul
2025-02-11 22:32:54.339 DEBUG [] [] [gateway] [boundedElastic-5] [org.springframework.cloud.gateway.route.RouteDefinitionRouteLocator:222] - RouteDefinition ReactiveCompositeDiscoveryClient_gateway applying {pattern=/gateway/**} to Path
2025-02-11 22:32:54.340 DEBUG [] [] [gateway] [boundedElastic-5] [org.springframework.cloud.gateway.route.RouteDefinitionRouteLocator:148] - RouteDefinition ReactiveCompositeDiscoveryClient_gateway applying filter {regexp=/gateway/?(?<remaining>.*), replacement=/${remaining}} to RewritePath
2025-02-11 22:32:54.341 DEBUG [] [] [gateway] [boundedElastic-5] [org.springframework.cloud.gateway.route.RouteDefinitionRouteLocator:124] - RouteDefinition matched: ReactiveCompositeDiscoveryClient_gateway
2025-02-11 22:32:54.341 DEBUG [] [] [gateway] [boundedElastic-5] [org.springframework.cloud.gateway.route.RouteDefinitionRouteLocator:222] - RouteDefinition service-a applying {_genkey_0=/service-a/**} to Path
2025-02-11 22:32:54.341 DEBUG [] [] [gateway] [boundedElastic-5] [org.springframework.cloud.gateway.route.RouteDefinitionRouteLocator:124] - RouteDefinition matched: service-a
2025-02-11 22:32:54.342 DEBUG [] [] [gateway] [boundedElastic-5] [org.springframework.cloud.gateway.route.RouteDefinitionRouteLocator:222] - RouteDefinition service-b applying {_genkey_0=/service-b/**} to Path
2025-02-11 22:32:54.343 DEBUG [] [] [gateway] [boundedElastic-5] [org.springframework.cloud.gateway.route.RouteDefinitionRouteLocator:124] - RouteDefinition matched: service-b
2025-02-11 22:33:23.923 DEBUG [] [] [gateway] [boundedElastic-6] [org.springframework.cloud.gateway.route.RouteDefinitionRouteLocator:222] - RouteDefinition ReactiveCompositeDiscoveryClient_service-a applying {pattern=/service-a/**} to Path
2025-02-11 22:33:23.924 DEBUG [] [] [gateway] [boundedElastic-6] [org.springframework.cloud.gateway.route.RouteDefinitionRouteLocator:148] - RouteDefinition ReactiveCompositeDiscoveryClient_service-a applying filter {regexp=/service-a/?(?<remaining>.*), replacement=/${remaining}} to RewritePath
2025-02-11 22:33:23.924 DEBUG [] [] [gateway] [boundedElastic-5] [org.springframework.cloud.gateway.filter.GatewayMetricsFilter:66] - New routes count: 5
2025-02-11 22:33:23.925 DEBUG [] [] [gateway] [boundedElastic-6] [org.springframework.cloud.gateway.route.RouteDefinitionRouteLocator:124] - RouteDefinition matched: ReactiveCompositeDiscoveryClient_service-a
2025-02-11 22:33:23.925 DEBUG [] [] [gateway] [boundedElastic-6] [org.springframework.cloud.gateway.route.RouteDefinitionRouteLocator:222] - RouteDefinition ReactiveCompositeDiscoveryClient_consul applying {pattern=/consul/**} to Path
2025-02-11 22:33:23.926 DEBUG [] [] [gateway] [boundedElastic-6] [org.springframework.cloud.gateway.route.RouteDefinitionRouteLocator:148] - RouteDefinition ReactiveCompositeDiscoveryClient_consul applying filter {regexp=/consul/?(?<remaining>.*), replacement=/${remaining}} to RewritePath
2025-02-11 22:33:23.927 DEBUG [] [] [gateway] [boundedElastic-6] [org.springframework.cloud.gateway.route.RouteDefinitionRouteLocator:124] - RouteDefinition matched: ReactiveCompositeDiscoveryClient_consul
2025-02-11 22:33:23.927 DEBUG [] [] [gateway] [boundedElastic-6] [org.springframework.cloud.gateway.route.RouteDefinitionRouteLocator:222] - RouteDefinition ReactiveCompositeDiscoveryClient_gateway applying {pattern=/gateway/**} to Path
2025-02-11 22:33:23.928 DEBUG [] [] [gateway] [boundedElastic-6] [org.springframework.cloud.gateway.route.RouteDefinitionRouteLocator:148] - RouteDefinition ReactiveCompositeDiscoveryClient_gateway applying filter {regexp=/gateway/?(?<remaining>.*), replacement=/${remaining}} to RewritePath
2025-02-11 22:33:23.929 DEBUG [] [] [gateway] [boundedElastic-6] [org.springframework.cloud.gateway.route.RouteDefinitionRouteLocator:124] - RouteDefinition matched: ReactiveCompositeDiscoveryClient_gateway
2025-02-11 22:33:23.930 DEBUG [] [] [gateway] [boundedElastic-6] [org.springframework.cloud.gateway.route.RouteDefinitionRouteLocator:222] - RouteDefinition service-a applying {_genkey_0=/service-a/**} to Path
2025-02-11 22:33:23.931 DEBUG [] [] [gateway] [boundedElastic-6] [org.springframework.cloud.gateway.route.RouteDefinitionRouteLocator:124] - RouteDefinition matched: service-a
2025-02-11 22:33:23.931 DEBUG [] [] [gateway] [boundedElastic-6] [org.springframework.cloud.gateway.route.RouteDefinitionRouteLocator:222] - RouteDefinition service-b applying {_genkey_0=/service-b/**} to Path
2025-02-11 22:33:23.932 DEBUG [] [] [gateway] [boundedElastic-6] [org.springframework.cloud.gateway.route.RouteDefinitionRouteLocator:124] - RouteDefinition matched: service-b
2025-02-11 22:33:41.166 DEBUG [] [] [gateway] [boundedElastic-10] [org.springframework.cloud.gateway.route.RouteDefinitionRouteLocator:222] - RouteDefinition ReactiveCompositeDiscoveryClient_service-a applying {pattern=/service-a/**} to Path
2025-02-11 22:33:41.167 DEBUG [] [] [gateway] [boundedElastic-10] [org.springframework.cloud.gateway.route.RouteDefinitionRouteLocator:148] - RouteDefinition ReactiveCompositeDiscoveryClient_service-a applying filter {regexp=/service-a/?(?<remaining>.*), replacement=/${remaining}} to RewritePath
2025-02-11 22:33:41.168 DEBUG [] [] [gateway] [boundedElastic-13] [org.springframework.cloud.gateway.filter.GatewayMetricsFilter:66] - New routes count: 6
2025-02-11 22:33:41.168 DEBUG [] [] [gateway] [boundedElastic-10] [org.springframework.cloud.gateway.route.RouteDefinitionRouteLocator:124] - RouteDefinition matched: ReactiveCompositeDiscoveryClient_service-a
2025-02-11 22:33:41.169 DEBUG [] [] [gateway] [boundedElastic-10] [org.springframework.cloud.gateway.route.RouteDefinitionRouteLocator:222] - RouteDefinition ReactiveCompositeDiscoveryClient_service-b applying {pattern=/service-b/**} to Path
2025-02-11 22:33:41.169 DEBUG [] [] [gateway] [boundedElastic-10] [org.springframework.cloud.gateway.route.RouteDefinitionRouteLocator:148] - RouteDefinition ReactiveCompositeDiscoveryClient_service-b applying filter {regexp=/service-b/?(?<remaining>.*), replacement=/${remaining}} to RewritePath
2025-02-11 22:33:41.171 DEBUG [] [] [gateway] [boundedElastic-10] [org.springframework.cloud.gateway.route.RouteDefinitionRouteLocator:124] - RouteDefinition matched: ReactiveCompositeDiscoveryClient_service-b
2025-02-11 22:33:41.171 DEBUG [] [] [gateway] [boundedElastic-10] [org.springframework.cloud.gateway.route.RouteDefinitionRouteLocator:222] - RouteDefinition ReactiveCompositeDiscoveryClient_consul applying {pattern=/consul/**} to Path
2025-02-11 22:33:41.172 DEBUG [] [] [gateway] [boundedElastic-10] [org.springframework.cloud.gateway.route.RouteDefinitionRouteLocator:148] - RouteDefinition ReactiveCompositeDiscoveryClient_consul applying filter {regexp=/consul/?(?<remaining>.*), replacement=/${remaining}} to RewritePath
2025-02-11 22:33:41.173 DEBUG [] [] [gateway] [boundedElastic-10] [org.springframework.cloud.gateway.route.RouteDefinitionRouteLocator:124] - RouteDefinition matched: ReactiveCompositeDiscoveryClient_consul
2025-02-11 22:33:41.174 DEBUG [] [] [gateway] [boundedElastic-10] [org.springframework.cloud.gateway.route.RouteDefinitionRouteLocator:222] - RouteDefinition ReactiveCompositeDiscoveryClient_gateway applying {pattern=/gateway/**} to Path
2025-02-11 22:33:41.175 DEBUG [] [] [gateway] [boundedElastic-10] [org.springframework.cloud.gateway.route.RouteDefinitionRouteLocator:148] - RouteDefinition ReactiveCompositeDiscoveryClient_gateway applying filter {regexp=/gateway/?(?<remaining>.*), replacement=/${remaining}} to RewritePath
2025-02-11 22:33:41.175 DEBUG [] [] [gateway] [boundedElastic-10] [org.springframework.cloud.gateway.route.RouteDefinitionRouteLocator:124] - RouteDefinition matched: ReactiveCompositeDiscoveryClient_gateway
2025-02-11 22:33:41.176 DEBUG [] [] [gateway] [boundedElastic-10] [org.springframework.cloud.gateway.route.RouteDefinitionRouteLocator:222] - RouteDefinition service-a applying {_genkey_0=/service-a/**} to Path
2025-02-11 22:33:41.177 DEBUG [] [] [gateway] [boundedElastic-10] [org.springframework.cloud.gateway.route.RouteDefinitionRouteLocator:124] - RouteDefinition matched: service-a
2025-02-11 22:33:41.177 DEBUG [] [] [gateway] [boundedElastic-10] [org.springframework.cloud.gateway.route.RouteDefinitionRouteLocator:222] - RouteDefinition service-b applying {_genkey_0=/service-b/**} to Path
2025-02-11 22:33:41.178 DEBUG [] [] [gateway] [boundedElastic-10] [org.springframework.cloud.gateway.route.RouteDefinitionRouteLocator:124] - RouteDefinition matched: service-b
2025-02-11 22:33:48.325 DEBUG [3fcf1e4f15bc08b8] [859fd4baa7f9b9e5264b00bfb1adca7e] [gateway] [reactor-http-nio-7] [org.springframework.cloud.gateway.handler.RoutePredicateHandlerMapping:146] - Route matched: ReactiveCompositeDiscoveryClient_service-a
2025-02-11 22:33:48.329 DEBUG [3fcf1e4f15bc08b8] [859fd4baa7f9b9e5264b00bfb1adca7e] [gateway] [reactor-http-nio-7] [org.springframework.cloud.gateway.handler.RoutePredicateHandlerMapping:95] - Mapping [Exchange: GET http://localhost:8090/service-a/message] to Route{id='ReactiveCompositeDiscoveryClient_service-a', uri=lb://service-a, order=0, predicate=Paths: [/service-a/**], match trailing slash: true, gatewayFilters=[[[RewritePath /service-a/?(?<remaining>.*) = '/${remaining}'], order = 1]], metadata={secure=false}}
2025-02-11 22:33:48.330 DEBUG [3fcf1e4f15bc08b8] [859fd4baa7f9b9e5264b00bfb1adca7e] [gateway] [reactor-http-nio-7] [org.springframework.cloud.gateway.handler.RoutePredicateHandlerMapping:189] - [5cb44730-6] Mapped to org.springframework.cloud.gateway.handler.FilteringWebHandler@303a484e
2025-02-11 22:33:48.331 DEBUG [3fcf1e4f15bc08b8] [859fd4baa7f9b9e5264b00bfb1adca7e] [gateway] [reactor-http-nio-7] [org.springframework.cloud.gateway.handler.FilteringWebHandler:109] - Sorted gatewayFilterFactories: [[GatewayFilterAdapter{delegate=org.springframework.cloud.gateway.filter.RemoveCachedBodyFilter@57d8d8e2}, order = -2147483648], [GatewayFilterAdapter{delegate=org.springframework.cloud.gateway.filter.AdaptCachedBodyGlobalFilter@6b26839d}, order = -2147482648], [GatewayFilterAdapter{delegate=com.example.gateway.filter.CustomFilter@1dd01876}, order = -1], [GatewayFilterAdapter{delegate=org.springframework.cloud.gateway.filter.NettyWriteResponseFilter@57e83608}, order = -1], [GatewayFilterAdapter{delegate=org.springframework.cloud.gateway.filter.ForwardPathFilter@4700db93}, order = 0], [GatewayFilterAdapter{delegate=org.springframework.cloud.gateway.filter.GatewayMetricsFilter@6aa7d7a0}, order = 0], [[RewritePath /service-a/?(?<remaining>.*) = '/${remaining}'], order = 1], [GatewayFilterAdapter{delegate=org.springframework.cloud.gateway.filter.RouteToRequestUrlFilter@2f726cf4}, order = 10000], [GatewayFilterAdapter{delegate=org.springframework.cloud.gateway.filter.ReactiveLoadBalancerClientFilter@12d24c43}, order = 10150], [GatewayFilterAdapter{delegate=org.springframework.cloud.gateway.filter.LoadBalancerServiceInstanceCookieFilter@6bf27411}, order = 10151], [GatewayFilterAdapter{delegate=org.springframework.cloud.gateway.filter.WebsocketRoutingFilter@560e1459}, order = 2147483646], [GatewayFilterAdapter{delegate=org.springframework.cloud.gateway.filter.NettyRoutingFilter@4a66949a}, order = 2147483647], [GatewayFilterAdapter{delegate=org.springframework.cloud.gateway.filter.ForwardRoutingFilter@514eefc4}, order = 2147483647]]
2025-02-11 22:33:48.334 INFO  [3fcf1e4f15bc08b8] [859fd4baa7f9b9e5264b00bfb1adca7e] [gateway] [reactor-http-nio-7] [com.example.gateway.filter.CustomFilter:24] - Global Pre Filter executed
2025-02-11 22:33:48.767 DEBUG [3fcf1e4f15bc08b8] [859fd4baa7f9b9e5264b00bfb1adca7e] [gateway] [boundedElastic-9] [org.springframework.cloud.gateway.filter.headers.observation.ObservedRequestHttpHeadersFilter:64] - Will instrument the HTTP request headers [Host:"localhost:8090", Cache-Control:"max-age=0", sec-ch-ua:""Not A(Brand";v="8", "Chromium";v="132", "Google Chrome";v="132"", sec-ch-ua-mobile:"?0", sec-ch-ua-platform:""macOS"", Upgrade-Insecure-Requests:"1", User-Agent:"Mozilla/5.0 (Macintosh; Intel Mac OS X 10_15_7) AppleWebKit/537.36 (KHTML, like Gecko) Chrome/132.0.0.0 Safari/537.36", Accept:"text/html,application/xhtml+xml,application/xml;q=0.9,image/avif,image/webp,image/apng,*/*;q=0.8,application/signed-exchange;v=b3;q=0.7", Sec-Fetch-Site:"none", Sec-Fetch-Mode:"navigate", Sec-Fetch-User:"?1", Sec-Fetch-Dest:"document", Accept-Encoding:"gzip, deflate, br, zstd", Accept-Language:"en-US,en;q=0.9", Cookie:"jenkins-timestamper-offset=14400000", Forwarded:"proto=http;host="localhost:8090";for="[0:0:0:0:0:0:0:1]:52391"", X-Forwarded-For:"0:0:0:0:0:0:0:1", X-Forwarded-Proto:"http", X-Forwarded-Prefix:"/service-a", X-Forwarded-Port:"8090", X-Forwarded-Host:"localhost:8090"]
2025-02-11 22:33:48.775 DEBUG [3fcf1e4f15bc08b8] [859fd4baa7f9b9e5264b00bfb1adca7e] [gateway] [boundedElastic-9] [org.springframework.cloud.gateway.filter.headers.observation.ObservedRequestHttpHeadersFilter:76] - Client observation  {name=http.client.requests(null), error=null, context=name='http.client.requests', contextualName='null', error='null', lowCardinalityKeyValues=[http.method='GET', http.status_code='UNKNOWN', spring.cloud.gateway.route.id='ReactiveCompositeDiscoveryClient_service-a', spring.cloud.gateway.route.uri='lb://service-a'], highCardinalityKeyValues=[http.uri='http://localhost:8090/message'], map=[class io.micrometer.core.instrument.LongTaskTimer$Sample='SampleImpl{duration(seconds)=9.51059E-4, duration(nanos)=951059.0, startTimeNanos=492811694336305}', class io.micrometer.core.instrument.Timer$Sample='io.micrometer.core.instrument.Timer$Sample@4db8613e'], parentObservation={name=http.server.requests(null), error=null, context=name='http.server.requests', contextualName='null', error='null', lowCardinalityKeyValues=[exception='none', method='GET', outcome='SUCCESS', status='200', uri='UNKNOWN'], highCardinalityKeyValues=[http.url='/service-a/message'], map=[class io.micrometer.core.instrument.LongTaskTimer$Sample='SampleImpl{duration(seconds)=0.484658447, duration(nanos)=4.84658447E8, startTimeNanos=492811210793747}', class io.micrometer.core.instrument.Timer$Sample='io.micrometer.core.instrument.Timer$Sample@33a9c490'], parentObservation=null}} created for the request. New headers are [Host:"localhost:8090", Cache-Control:"max-age=0", sec-ch-ua:""Not A(Brand";v="8", "Chromium";v="132", "Google Chrome";v="132"", sec-ch-ua-mobile:"?0", sec-ch-ua-platform:""macOS"", Upgrade-Insecure-Requests:"1", User-Agent:"Mozilla/5.0 (Macintosh; Intel Mac OS X 10_15_7) AppleWebKit/537.36 (KHTML, like Gecko) Chrome/132.0.0.0 Safari/537.36", Accept:"text/html,application/xhtml+xml,application/xml;q=0.9,image/avif,image/webp,image/apng,*/*;q=0.8,application/signed-exchange;v=b3;q=0.7", Sec-Fetch-Site:"none", Sec-Fetch-Mode:"navigate", Sec-Fetch-User:"?1", Sec-Fetch-Dest:"document", Accept-Encoding:"gzip, deflate, br, zstd", Accept-Language:"en-US,en;q=0.9", Cookie:"jenkins-timestamper-offset=14400000", Forwarded:"proto=http;host="localhost:8090";for="[0:0:0:0:0:0:0:1]:52391"", X-Forwarded-For:"0:0:0:0:0:0:0:1", X-Forwarded-Proto:"http", X-Forwarded-Prefix:"/service-a", X-Forwarded-Port:"8090", X-Forwarded-Host:"localhost:8090"]
2025-02-11 22:33:49.508 DEBUG [] [] [gateway] [reactor-http-nio-10] [reactor.netty.http.client.HttpClientConnect:259] - [7c373508-1, L:/127.0.0.1:52396 - R:localhost/127.0.0.1:8091] Handler is being applied: {uri=http://localhost:8091/message, method=GET}
2025-02-11 22:33:51.103 DEBUG [] [] [gateway] [reactor-http-nio-10] [reactor.netty.http.client.HttpClientOperations:259] - [7c373508-1, L:/127.0.0.1:52396 - R:localhost/127.0.0.1:8091] Received response (auto-read:false) : RESPONSE(decodeResult: success, version: HTTP/1.1)
HTTP/1.1 200 
Content-Type: <filtered>
Content-Length: <filtered>
Date: <filtered>
2025-02-11 22:33:51.103 DEBUG [3fcf1e4f15bc08b8] [859fd4baa7f9b9e5264b00bfb1adca7e] [gateway] [reactor-http-nio-10] [org.springframework.cloud.gateway.filter.headers.observation.ObservedResponseHttpHeadersFilter:50] - Will instrument the response
2025-02-11 22:33:51.104 DEBUG [3fcf1e4f15bc08b8] [859fd4baa7f9b9e5264b00bfb1adca7e] [gateway] [reactor-http-nio-10] [org.springframework.cloud.gateway.filter.headers.observation.ObservedResponseHttpHeadersFilter:54] - The response was handled for observation {name=http.client.requests(null), error=null, context=name='http.client.requests', contextualName='null', error='null', lowCardinalityKeyValues=[http.method='GET', http.status_code='UNKNOWN', spring.cloud.gateway.route.id='ReactiveCompositeDiscoveryClient_service-a', spring.cloud.gateway.route.uri='lb://service-a'], highCardinalityKeyValues=[http.uri='http://localhost:8090/message'], map=[class io.micrometer.core.instrument.LongTaskTimer$Sample='SampleImpl{duration(seconds)=2.331827966, duration(nanos)=2.331827966E9, startTimeNanos=492811694336305}', class io.micrometer.core.instrument.Timer$Sample='io.micrometer.core.instrument.Timer$Sample@4db8613e'], parentObservation={name=http.server.requests(null), error=null, context=name='http.server.requests', contextualName='null', error='null', lowCardinalityKeyValues=[exception='none', method='GET', outcome='SUCCESS', status='200', uri='UNKNOWN'], highCardinalityKeyValues=[http.url='/service-a/message'], map=[class io.micrometer.core.instrument.LongTaskTimer$Sample='SampleImpl{duration(seconds)=2.8154374, duration(nanos)=2.8154374E9, startTimeNanos=492811210793747}', class io.micrometer.core.instrument.Timer$Sample='io.micrometer.core.instrument.Timer$Sample@33a9c490'], parentObservation=null}}
2025-02-11 22:33:51.113 DEBUG [] [] [gateway] [reactor-http-nio-10] [reactor.netty.http.client.HttpClientOperations:254] - [7c373508-1, L:/127.0.0.1:52396 - R:localhost/127.0.0.1:8091] Received last HTTP packet
